  Determining projects to restore...
  All projects are up-to-date for restore.
C:\Users\Orges\source\repos\GymProject\GymProject.Gateway\Program.cs(5,18): error CS1061: 'IServiceCollection' does not contain a definition for 'AddOpenApi' and no accessible extension method 'AddOpenApi' accepting a first argument of type 'IServiceCollection' could be found (are you missing a using directive or an assembly reference?) [C:\Users\Orges\source\repos\GymProject\GymProject.Gateway\GymProject.Gateway.csproj]
C:\Users\Orges\source\repos\GymProject\GymProject.Gateway\Program.cs(12,9): error CS1061: 'WebApplication' does not contain a definition for 'MapOpenApi' and no accessible extension method 'MapOpenApi' accepting a first argument of type 'WebApplication' could be found (are you missing a using directive or an assembly reference?) [C:\Users\Orges\source\repos\GymProject\GymProject.Gateway\GymProject.Gateway.csproj]
C:\Users\Orges\source\repos\GymProject\GymProject.Shared\Middleware\ExceptionHandlingMiddleware.cs(12,39): error CS0246: The type or namespace name 'HttpContext' could not be found (are you missing a using directive or an assembly reference?) [C:\Users\Orges\source\repos\GymProject\GymProject.Shared\GymProject.Shared.csproj]
C:\Users\Orges\source\repos\GymProject\GymProject.Shared\Middleware\ExceptionHandlingMiddleware.cs(5,26): error CS0246: The type or namespace name 'RequestDelegate' could not be found (are you missing a using directive or an assembly reference?) [C:\Users\Orges\source\repos\GymProject\GymProject.Shared\GymProject.Shared.csproj]
C:\Users\Orges\source\repos\GymProject\GymProject.Shared\Services\Implementation\AuditLogService.cs(11,26): error CS0246: The type or namespace name 'ILogger<>' could not be found (are you missing a using directive or an assembly reference?) [C:\Users\Orges\source\repos\GymProject\GymProject.Shared\GymProject.Shared.csproj]
C:\Users\Orges\source\repos\GymProject\GymProject.Shared\Repositories\Implemntations\AuditLogRepository.cs(10,26): error CS0246: The type or namespace name 'DapperContext' could not be found (are you missing a using directive or an assembly reference?) [C:\Users\Orges\source\repos\GymProject\GymProject.Shared\GymProject.Shared.csproj]
C:\Users\Orges\source\repos\GymProject\GymProject.Shared\Middleware\ExceptionHandlingMiddleware.cs(6,26): error CS0246: The type or namespace name 'ILogger<>' could not be found (are you missing a using directive or an assembly reference?) [C:\Users\Orges\source\repos\GymProject\GymProject.Shared\GymProject.Shared.csproj]
C:\Users\Orges\source\repos\GymProject\GymProject.Shared\Services\Implementation\AuditLogService.cs(13,72): error CS0246: The type or namespace name 'ILogger<>' could not be found (are you missing a using directive or an assembly reference?) [C:\Users\Orges\source\repos\GymProject\GymProject.Shared\GymProject.Shared.csproj]
C:\Users\Orges\source\repos\GymProject\GymProject.Shared\Repositories\Implemntations\AuditLogRepository.cs(11,26): error CS0246: The type or namespace name 'ILogger<>' could not be found (are you missing a using directive or an assembly reference?) [C:\Users\Orges\source\repos\GymProject\GymProject.Shared\GymProject.Shared.csproj]
C:\Users\Orges\source\repos\GymProject\GymProject.Shared\Middleware\ExceptionHandlingMiddleware.cs(7,44): error CS0246: The type or namespace name 'RequestDelegate' could not be found (are you missing a using directive or an assembly reference?) [C:\Users\Orges\source\repos\GymProject\GymProject.Shared\GymProject.Shared.csproj]
C:\Users\Orges\source\repos\GymProject\GymProject.Shared\Middleware\ExceptionHandlingMiddleware.cs(7,66): error CS0246: The type or namespace name 'ILogger<>' could not be found (are you missing a using directive or an assembly reference?) [C:\Users\Orges\source\repos\GymProject\GymProject.Shared\GymProject.Shared.csproj]
C:\Users\Orges\source\repos\GymProject\GymProject.Shared\Repositories\Implemntations\AuditLogRepository.cs(13,35): error CS0246: The type or namespace name 'DapperContext' could not be found (are you missing a using directive or an assembly reference?) [C:\Users\Orges\source\repos\GymProject\GymProject.Shared\GymProject.Shared.csproj]
C:\Users\Orges\source\repos\GymProject\GymProject.Shared\Repositories\Implemntations\AuditLogRepository.cs(13,58): error CS0246: The type or namespace name 'ILogger<>' could not be found (are you missing a using directive or an assembly reference?) [C:\Users\Orges\source\repos\GymProject\GymProject.Shared\GymProject.Shared.csproj]

Build FAILED.

C:\Users\Orges\source\repos\GymProject\GymProject.Gateway\Program.cs(5,18): error CS1061: 'IServiceCollection' does not contain a definition for 'AddOpenApi' and no accessible extension method 'AddOpenApi' accepting a first argument of type 'IServiceCollection' could be found (are you missing a using directive or an assembly reference?) [C:\Users\Orges\source\repos\GymProject\GymProject.Gateway\GymProject.Gateway.csproj]
C:\Users\Orges\source\repos\GymProject\GymProject.Gateway\Program.cs(12,9): error CS1061: 'WebApplication' does not contain a definition for 'MapOpenApi' and no accessible extension method 'MapOpenApi' accepting a first argument of type 'WebApplication' could be found (are you missing a using directive or an assembly reference?) [C:\Users\Orges\source\repos\GymProject\GymProject.Gateway\GymProject.Gateway.csproj]
C:\Users\Orges\source\repos\GymProject\GymProject.Shared\Middleware\ExceptionHandlingMiddleware.cs(12,39): error CS0246: The type or namespace name 'HttpContext' could not be found (are you missing a using directive or an assembly reference?) [C:\Users\Orges\source\repos\GymProject\GymProject.Shared\GymProject.Shared.csproj]
C:\Users\Orges\source\repos\GymProject\GymProject.Shared\Middleware\ExceptionHandlingMiddleware.cs(5,26): error CS0246: The type or namespace name 'RequestDelegate' could not be found (are you missing a using directive or an assembly reference?) [C:\Users\Orges\source\repos\GymProject\GymProject.Shared\GymProject.Shared.csproj]
C:\Users\Orges\source\repos\GymProject\GymProject.Shared\Services\Implementation\AuditLogService.cs(11,26): error CS0246: The type or namespace name 'ILogger<>' could not be found (are you missing a using directive or an assembly reference?) [C:\Users\Orges\source\repos\GymProject\GymProject.Shared\GymProject.Shared.csproj]
C:\Users\Orges\source\repos\GymProject\GymProject.Shared\Repositories\Implemntations\AuditLogRepository.cs(10,26): error CS0246: The type or namespace name 'DapperContext' could not be found (are you missing a using directive or an assembly reference?) [C:\Users\Orges\source\repos\GymProject\GymProject.Shared\GymProject.Shared.csproj]
C:\Users\Orges\source\repos\GymProject\GymProject.Shared\Middleware\ExceptionHandlingMiddleware.cs(6,26): error CS0246: The type or namespace name 'ILogger<>' could not be found (are you missing a using directive or an assembly reference?) [C:\Users\Orges\source\repos\GymProject\GymProject.Shared\GymProject.Shared.csproj]
C:\Users\Orges\source\repos\GymProject\GymProject.Shared\Services\Implementation\AuditLogService.cs(13,72): error CS0246: The type or namespace name 'ILogger<>' could not be found (are you missing a using directive or an assembly reference?) [C:\Users\Orges\source\repos\GymProject\GymProject.Shared\GymProject.Shared.csproj]
C:\Users\Orges\source\repos\GymProject\GymProject.Shared\Repositories\Implemntations\AuditLogRepository.cs(11,26): error CS0246: The type or namespace name 'ILogger<>' could not be found (are you missing a using directive or an assembly reference?) [C:\Users\Orges\source\repos\GymProject\GymProject.Shared\GymProject.Shared.csproj]
C:\Users\Orges\source\repos\GymProject\GymProject.Shared\Middleware\ExceptionHandlingMiddleware.cs(7,44): error CS0246: The type or namespace name 'RequestDelegate' could not be found (are you missing a using directive or an assembly reference?) [C:\Users\Orges\source\repos\GymProject\GymProject.Shared\GymProject.Shared.csproj]
C:\Users\Orges\source\repos\GymProject\GymProject.Shared\Middleware\ExceptionHandlingMiddleware.cs(7,66): error CS0246: The type or namespace name 'ILogger<>' could not be found (are you missing a using directive or an assembly reference?) [C:\Users\Orges\source\repos\GymProject\GymProject.Shared\GymProject.Shared.csproj]
C:\Users\Orges\source\repos\GymProject\GymProject.Shared\Repositories\Implemntations\AuditLogRepository.cs(13,35): error CS0246: The type or namespace name 'DapperContext' could not be found (are you missing a using directive or an assembly reference?) [C:\Users\Orges\source\repos\GymProject\GymProject.Shared\GymProject.Shared.csproj]
C:\Users\Orges\source\repos\GymProject\GymProject.Shared\Repositories\Implemntations\AuditLogRepository.cs(13,58): error CS0246: The type or namespace name 'ILogger<>' could not be found (are you missing a using directive or an assembly reference?) [C:\Users\Orges\source\repos\GymProject\GymProject.Shared\GymProject.Shared.csproj]
    0 Warning(s)
    13 Error(s)

Time Elapsed 00:00:01.87
